.\venv\Scripts\python.
exe : Invalid 
HTTP_HOST header: 
'testserver'. You may 
need to add 
'testserver' to 
ALLOWED_HOSTS.
At line:1 char:1
+ .\venv\Scripts\pytho
n.exe scripts/test_das
hboard_apis.py > 
test_outpu ...
+ ~~~~~~~~~~~~~~~~~~~~
~~~~~~~~~~~~~~~~~~~~~~
~~~~~~~~~~~~~~~~~~~~~~
~~~~~
    + CategoryInfo    
          : NotSpeci  
  fied: (Invalid HT   
 TP_HO... ALLOWED_    
HOSTS.:String) []    
, RemoteException
    + FullyQualifiedE 
   rrorId : NativeCo  
  mmandError
 
Traceback (most 
recent call last):
  File "C:\Users\Admin
\Desktop\AI-Based-Woun
d-Analysis-Tool\Backen
d\venv\lib\site-packag
es\django\core\handler
s\exception.py", line 
55, in inner
    response = 
get_response(request)
  File "C:\Users\Admin
\Desktop\AI-Based-Woun
d-Analysis-Tool\Backen
d\venv\lib\site-packag
es\django\utils\deprec
ation.py", line 119, 
in __call__
    response = self.pr
ocess_request(request)
  File "C:\Users\Admin
\Desktop\AI-Based-Woun
d-Analysis-Tool\Backen
d\venv\lib\site-packag
es\django\middleware\c
ommon.py", line 48, 
in process_request
    host = 
request.get_host()
  File "C:\Users\Admin
\Desktop\AI-Based-Woun
d-Analysis-Tool\Backen
d\venv\lib\site-packag
es\django\http\request
.py", line 202, in 
get_host
    raise 
DisallowedHost(msg)
django.core.exceptions
.DisallowedHost: 
Invalid HTTP_HOST 
header: 'testserver'. 
You may need to add 
'testserver' to 
ALLOWED_HOSTS.
Invalid HTTP_HOST 
header: 'testserver'. 
You may need to add 
'testserver' to 
ALLOWED_HOSTS.
Traceback (most 
recent call last):
  File "C:\Users\Admin
\Desktop\AI-Based-Woun
d-Analysis-Tool\Backen
d\venv\lib\site-packag
es\django\core\handler
s\exception.py", line 
55, in inner
    response = 
get_response(request)
  File "C:\Users\Admin
\Desktop\AI-Based-Woun
d-Analysis-Tool\Backen
d\venv\lib\site-packag
es\django\utils\deprec
ation.py", line 119, 
in __call__
    response = self.pr
ocess_request(request)
  File "C:\Users\Admin
\Desktop\AI-Based-Woun
d-Analysis-Tool\Backen
d\venv\lib\site-packag
es\django\middleware\c
ommon.py", line 48, 
in process_request
    host = 
request.get_host()
  File "C:\Users\Admin
\Desktop\AI-Based-Woun
d-Analysis-Tool\Backen
d\venv\lib\site-packag
es\django\http\request
.py", line 202, in 
get_host
    raise 
DisallowedHost(msg)
django.core.exceptions
.DisallowedHost: 
Invalid HTTP_HOST 
header: 'testserver'. 
You may need to add 
'testserver' to 
ALLOWED_HOSTS.
Testing Dashboard Summary API...
Status Code: 400

Testing Logs API...
Status Code: 400
